curl -G -F omg=wtf -F lol=wut http://pastebin.suse.de/42/src
