curl -G -F foo=bar -F baz=qux http://susepaste.org/view/raw/42
